// Jest Snapshot v1, https://goo.gl/fbAQLP

exports[`HomeScreen matches snapshot 1`] = `
<RNCSafeAreaView
  className="flex-1 bg-white"
  edges={
    {
      "bottom": "off",
      "left": "additive",
      "right": "additive",
      "top": "additive",
    }
  }
>
  <View
    className="flex-1 px-6 py-6"
  >
    <Text
      className="text-3xl font-bold text-gray-900 mb-4"
    >
      Upcoming Occasions
    </Text>
    <Text
      className="text-gray-600 text-base"
    >
      Upcoming occasions will appear here
    </Text>
  </View>
</RNCSafeAreaView>
`;
